Microchip MPLAB XC8 Compiler V2.30

Linker command line:

-W-3 --edf=C:\Program Files\Microchip\xc8\v2.30\pic\dat\en_msgs.txt -cn \
  -h+dist/default/production\pic18f47q10-clc-gray-code-decoder.X.production.sym \
  --cmf=dist/default/production\pic18f47q10-clc-gray-code-decoder.X.production.cmf \
  -z -Q18F47Q10 -oC:\Users\i62418\AppData\Local\Temp\s188x2 \
  --defsym=__MPLAB_BUILD=1 \
  -Mdist/default/production/pic18f47q10-clc-gray-code-decoder.X.production.map \
  -E1 -ver=XC8 Compiler --acfsm=1493 -ASTACK=0B2h-0E1Eh -pstack=STACK \
  -ACODE=00h-01FFFFh -ACONST=00h-01FFFFh -ASMALLCONST=0F00h-0FFFhx497 \
  -AMEDIUMCONST=0F00h-0FFFFh,010F00h-01FFFFh -ACOMRAM=01h-05Fh \
  -AABS1=00h-0E1Eh -ABIGRAM=01h-0E1Eh \
  -ARAM=060h-0FFh,0100h-01FFhx13,0E00h-0E1Eh -ABANK0=060h-0FFh \
  -ABANK1=0100h-01FFh -ABANK2=0200h-02FFh -ABANK3=0300h-03FFh \
  -ABANK4=0400h-04FFh -ABANK5=0500h-05FFh -ABANK6=0600h-06FFh \
  -ABANK7=0700h-07FFh -ABANK8=0800h-08FFh -ABANK9=0900h-09FFh \
  -ABANK10=0A00h-0AFFh -ABANK11=0B00h-0BFFh -ABANK12=0C00h-0CFFh \
  -ABANK13=0D00h-0DFFh -ABANK14=0E00h-0E1Eh \
  -ASFR=0E1Fh-0EFFh,0F00h-0F5Fh,0F60h-0FFFh -ACONFIG=0300000h-030000Bh \
  -AIDLOC=0200000h-02000FFh -AEEDATA=0310000h-03103FFh -peeprom_data=EEDATA \
  -preset_vec=00h,intcode,intcodelo,powerup,init -pramtop=0F00h \
  -psmallconst=SMALLCONST -pmediumconst=MEDIUMCONST -pconst=CONST \
  -AFARRAM=00h-00h \
  -prdata=COMRAM,nvrram=COMRAM,nvbit=COMRAM,rbss=COMRAM,rbit=COMRAM \
  -pfarbss=FARRAM,fardata=FARRAM,nvFARRAM=FARRAM \
  -pintsave_regs=BIGRAM,bigbss=BIGRAM,bigdata=BIGRAM -pbss=RAM \
  -pidata=CODE,irdata=CODE,ibigdata=CODE,ifardata=CODE -prparam=COMRAM \
  C:\Users\i62418\AppData\Local\Temp\s188xd.o \
  dist/default/production\pic18f47q10-clc-gray-code-decoder.X.production.o 

Object code version is 3.11

Machine type is 18F47Q10



                Name                               Link     Load   Length Selector   Space Scale
C:\Users\i62418\AppData\Local\Temp\s188xd.o
                idloc                            200000   200000      100        0       5
                config                           300000   300000        C        0       4
                init                                  0        0        4        0       0
dist/default/production\pic18f47q10-clc-gray-code-decoder.X.production.o
                idloc                            200000   200000      100        0       5
                config                           300000   300000        C        0       4
                smallconst                          F00      F00       64      780       0
                text50                             267C     267C       28      7B2       0
                text49                             280A     280A        4      7B2       0
                text48                             2730     2730       1C      7B2       0
                text47                             245E     245E       3A      7B2       0
                text46                             1E9E     1E9E       B8      7B2       0
                text45                             2802     2802        8      7B2       0
                text44                             256C     256C       32      7B2       0
                text43                             253A     253A       32      7B2       0
                text42                             27DE     27DE        E      7B2       0
                text41                             2130     2130       84      7B2       0
                text40                             277C     277C       18      7B2       0
                text39                             2794     2794       16      7B2       0
                text38                             27D0     27D0        E      7B2       0
                text37                             209A     209A       96      7B2       0
                text36                             2764     2764       18      7B2       0
                text35                             259E     259E       2E      7B2       0
                text34                             27F8     27F8        A      7B2       0
                text33                             2506     2506       34      7B2       0
                text32                             21B4     21B4       74      7B2       0
                text31                             228E     228E       64      7B2       0
                text30                             26CA     26CA       26      7B2       0
                text29                             2498     2498       38      7B2       0
                text28                             2344     2344       52      7B2       0
                text27                             1652     1652      1A4      7B2       0
                text26                             280E     280E        2      7B2       0
                text25                             1D0E     1D0E       CA      7B2       0
                text24                             1C36     1C36       D8      7B2       0
                text23                             17F6     17F6      188      7B2       0
                text22                             197E     197E      164      7B2       0
                text21                             241E     241E       40      7B2       0
                text20                             23DA     23DA       44      7B2       0
                text19                             24D0     24D0       36      7B2       0
                text18                             1DD8     1DD8       C6      7B2       0
                text17                             1370     1370      2E2      7B2       0
                text16                              F64      F64      40C      7B2       0
                text15                             2228     2228       66      7B2       0
                text14                             22F2     22F2       52      7B2       0
                text13                             1AE2     1AE2      154      7B2       0
                text12                             2650     2650       2C      7B2       0
                text11                             2624     2624       2C      7B2       0
                text10                             25F8     25F8       2C      7B2       0
                text9                              25CC     25CC       2C      7B2       0
                text8                              274C     274C       18      7B2       0
                text7                              1FFC     1FFC       9E      7B2       0
                text6                              2714     2714       1C      7B2       0
                text5                              26F0     26F0       24      7B2       0
                text4                              27EC     27EC        C      7B2       0
                text3                              2396     2396       44      7B2       0
                text2                              1F56     1F56       A6      7B2       0
                text1                              26A4     26A4       26      7B2       0
                text0                              27AA     27AA       14      7B2       0
                cstackCOMRAM                          1        1       5F        1       1
                cstackBANK0                          93       93       1F       60       1
                bssBANK0                             60       60       33       60       1
                cinit                              27BE     27BE       12      7B2       0

TOTAL           Name                               Link     Load   Length     Space
        CLASS   STACK          

        CLASS   CODE           
                init                                  0        0        4         0
                text50                             267C     267C       28         0
                text49                             280A     280A        4         0
                text48                             2730     2730       1C         0
                text47                             245E     245E       3A         0
                text46                             1E9E     1E9E       B8         0
                text45                             2802     2802        8         0
                text44                             256C     256C       32         0
                text43                             253A     253A       32         0
                text42                             27DE     27DE        E         0
                text41                             2130     2130       84         0
                text40                             277C     277C       18         0
                text39                             2794     2794       16         0
                text38                             27D0     27D0        E         0
                text37                             209A     209A       96         0
                text36                             2764     2764       18         0
                text35                             259E     259E       2E         0
                text34                             27F8     27F8        A         0
                text33                             2506     2506       34         0
                text32                             21B4     21B4       74         0
                text31                             228E     228E       64         0
                text30                             26CA     26CA       26         0
                text29                             2498     2498       38         0
                text28                             2344     2344       52         0
                text27                             1652     1652      1A4         0
                text26                             280E     280E        2         0
                text25                             1D0E     1D0E       CA         0
                text24                             1C36     1C36       D8         0
                text23                             17F6     17F6      188         0
                text22                             197E     197E      164         0
                text21                             241E     241E       40         0
                text20                             23DA     23DA       44         0
                text19                             24D0     24D0       36         0
                text18                             1DD8     1DD8       C6         0
                text17                             1370     1370      2E2         0
                text16                              F64      F64      40C         0
                text15                             2228     2228       66         0
                text14                             22F2     22F2       52         0
                text13                             1AE2     1AE2      154         0
                text12                             2650     2650       2C         0
                text11                             2624     2624       2C         0
                text10                             25F8     25F8       2C         0
                text9                              25CC     25CC       2C         0
                text8                              274C     274C       18         0
                text7                              1FFC     1FFC       9E         0
                text6                              2714     2714       1C         0
                text5                              26F0     26F0       24         0
                text4                              27EC     27EC        C         0
                text3                              2396     2396       44         0
                text2                              1F56     1F56       A6         0
                text1                              26A4     26A4       26         0
                text0                              27AA     27AA       14         0
                cinit                              27BE     27BE       12         0

        CLASS   CONST          

        CLASS   SMALLCONST     
                smallconst                          F00      F00       64         0

        CLASS   MEDIUMCONST    

        CLASS   COMRAM         
                cstackCOMRAM                          1        1       5F         1

        CLASS   ABS1           

        CLASS   BIGRAM         

        CLASS   RAM            

        CLASS   BANK0          
                cstackBANK0                          93       93       1F         1
                bssBANK0                             60       60       33         1

        CLASS   BANK1          

        CLASS   BANK2          

        CLASS   BANK3          

        CLASS   BANK4          

        CLASS   BANK5          

        CLASS   BANK6          

        CLASS   BANK7          

        CLASS   BANK8          

        CLASS   BANK9          

        CLASS   BANK10         

        CLASS   BANK11         

        CLASS   BANK12         

        CLASS   BANK13         

        CLASS   BANK14         

        CLASS   SFR            

        CLASS   CONFIG         
                config                           300000   300000        C         4

        CLASS   IDLOC          
                idloc                            200000   200000      100         5

        CLASS   EEDATA         

        CLASS   FARRAM         



SEGMENTS        Name                           Load    Length   Top    Selector   Space  Class

                reset_vec                      000000  000004  000004         0       0  CODE    
                cstackCOMRAM                   000001  00005F  000060         1       1  COMRAM  
                bssBANK0                       000060  000052  0000B2        60       1  BANK0   
                smallconst                     000F00  000064  000F64       780       0  SMALLCON
                text16                         000F64  0018AC  002810       7B2       0  CODE    


UNUSED ADDRESS RANGES

        Name                Unused          Largest block    Delta
        BANK0            0000B2-0000FF               4E
        BANK1            000100-0001FF              100
        BANK10           000A00-000AFF              100
        BANK11           000B00-000BFF              100
        BANK12           000C00-000CFF              100
        BANK13           000D00-000DFF              100
        BANK14           000E00-000E1E               1F
        BANK2            000200-0002FF              100
        BANK3            000300-0003FF              100
        BANK4            000400-0004FF              100
        BANK5            000500-0005FF              100
        BANK6            000600-0006FF              100
        BANK7            000700-0007FF              100
        BANK8            000800-0008FF              100
        BANK9            000900-0009FF              100
        BIGRAM           0000B2-000E1E              D6D
        CODE             000004-000EFF              EFC
                         002810-01FFFF            1D7F0
        CONST            000004-000EFF              EFC
                         002810-01FFFF            1D7F0
        EEDATA           310000-3103FF              400
        MEDIUMCONST      002810-00FFFF             D7F0
                         010F00-01FFFF             F100
        RAM              0000B2-000E1E              100
        SFR              000E1F-000FFF               E1
        SMALLCONST       002810-01FFFF              100
        STACK            0000B2-000E1E              D6D

                                  Symbol Table

?___aodiv                         cstackCOMRAM 000001
?___aomod                         cstackCOMRAM 000001
?___lwdiv                         cstackCOMRAM 000001
?___lwmod                         cstackCOMRAM 000001
?___wmul                          cstackCOMRAM 000001
?_abs                             cstackCOMRAM 000013
?_atoi                            cstackCOMRAM 000008
?_ctoa                            cstackCOMRAM 00000A
?_dtoa                            cstackCOMRAM 00001C
?_isdigit                         cstackCOMRAM 000001
?_isspace                         cstackCOMRAM 000001
?_pad                             cstackCOMRAM 000011
?_sprintf                         cstackBANK0  000093
?_strlen                          cstackCOMRAM 000001
?_vfpfcnvrt                       cstackCOMRAM 000040
?_vfprintf                        cstackCOMRAM 000057
DELAY_milliseconds@milliseconds   cstackCOMRAM 000001
GDapplication@clcData             cstackBANK0  0000B1
GDapplication@degree              cstackBANK0  0000AF
GDapplication@lcdDataBuffer       cstackBANK0  0000A7
SPI1_ExchangeByte@data            cstackCOMRAM 000001
SPI1_Open@spi1UniqueConfiguration cstackCOMRAM 000002
SPI1_WriteBlock@block             cstackCOMRAM 000002
SPI1_WriteBlock@blockSize         cstackCOMRAM 000004
SPI1_WriteBlock@data              cstackCOMRAM 000006
User_lcd_writeString@column       cstackCOMRAM 00001A
User_lcd_writeString@i            cstackCOMRAM 00001D
User_lcd_writeString@row          cstackCOMRAM 000019
User_lcd_writeString@string       cstackCOMRAM 000017
_ANSELA                           (abs)        000F0C
_ANSELB                           (abs)        000F14
_ANSELC                           (abs)        000F1C
_ANSELD                           (abs)        000F21
_ANSELE                           (abs)        000F29
_ApplicationInit                  text33       002506
_CLC1CON                          (abs)        000E27
_CLC1CONbits                      (abs)        000E27
_CLC1GLS0                         (abs)        000E2D
_CLC1GLS1                         (abs)        000E2E
_CLC1GLS2                         (abs)        000E2F
_CLC1GLS3                         (abs)        000E30
_CLC1POL                          (abs)        000E28
_CLC1SEL0                         (abs)        000E29
_CLC1SEL1                         (abs)        000E2A
_CLC1SEL2                         (abs)        000E2B
_CLC1SEL3                         (abs)        000E2C
_CLC1_Initialize                  text12       002650
_CLC2CON                          (abs)        000E31
_CLC2CONbits                      (abs)        000E31
_CLC2GLS0                         (abs)        000E37
_CLC2GLS1                         (abs)        000E38
_CLC2GLS2                         (abs)        000E39
_CLC2GLS3                         (abs)        000E3A
_CLC2POL                          (abs)        000E32
_CLC2SEL0                         (abs)        000E33
_CLC2SEL1                         (abs)        000E34
_CLC2SEL2                         (abs)        000E35
_CLC2SEL3                         (abs)        000E36
_CLC2_Initialize                  text11       002624
_CLC5CON                          (abs)        000E4F
_CLC5CONbits                      (abs)        000E4F
_CLC5GLS0                         (abs)        000E55
_CLC5GLS1                         (abs)        000E56
_CLC5GLS2                         (abs)        000E57
_CLC5GLS3                         (abs)        000E58
_CLC5POL                          (abs)        000E50
_CLC5SEL0                         (abs)        000E51
_CLC5SEL1                         (abs)        000E52
_CLC5SEL2                         (abs)        000E53
_CLC5SEL3                         (abs)        000E54
_CLC5_Initialize                  text10       0025F8
_CLC6CON                          (abs)        000E59
_CLC6CONbits                      (abs)        000E59
_CLC6GLS0                         (abs)        000E5F
_CLC6GLS1                         (abs)        000E60
_CLC6GLS2                         (abs)        000E61
_CLC6GLS3                         (abs)        000E62
_CLC6POL                          (abs)        000E5A
_CLC6SEL0                         (abs)        000E5B
_CLC6SEL1                         (abs)        000E5C
_CLC6SEL2                         (abs)        000E5D
_CLC6SEL3                         (abs)        000E5E
_CLC6_Initialize                  text9        0025CC
_CLCDATA                          (abs)        000E77
_CLCIN0PPS                        (abs)        000E1F
_CLCIN1PPS                        (abs)        000E20
_CLCIN2PPS                        (abs)        000E21
_CLCIN3PPS                        (abs)        000E22
_DELAY_milliseconds               text50       00267C
_GDapplication                    text13       001AE2
_INLVLA                           (abs)        000F08
_INLVLB                           (abs)        000F10
_INLVLC                           (abs)        000F18
_INLVLD                           (abs)        000F1D
_INLVLE                           (abs)        000F25
_LATA                             (abs)        000F82
_LATAbits                         (abs)        000F82
_LATB                             (abs)        000F83
_LATC                             (abs)        000F84
_LATD                             (abs)        000F85
_LATDbits                         (abs)        000F85
_LATE                             (abs)        000F86
_LCD_open                         text45       002802
_ODCONA                           (abs)        000F0A
_ODCONB                           (abs)        000F12
_ODCONC                           (abs)        000F1A
_ODCOND                           (abs)        000F1F
_ODCONE                           (abs)        000F27
_OSCCON1                          (abs)        000ED3
_OSCCON3                          (abs)        000ED5
_OSCEN                            (abs)        000ED7
_OSCFRQ                           (abs)        000ED9
_OSCILLATOR_Initialize            text8        00274C
_OSCTUNE                          (abs)        000ED8
_PIN_MANAGER_Initialize           text7        001FFC
_PIR3bits                         (abs)        000EC8
_PMD0                             (abs)        000EDC
_PMD1                             (abs)        000EDD
_PMD2                             (abs)        000EDE
_PMD3                             (abs)        000EDF
_PMD4                             (abs)        000EE0
_PMD5                             (abs)        000EE1
_PMD_Initialize                   text6        002714
_RC4PPS                           (abs)        000EF6
_RC6PPS                           (abs)        000EF8
_SLRCONA                          (abs)        000F09
_SLRCONB                          (abs)        000F11
_SLRCONC                          (abs)        000F19
_SLRCOND                          (abs)        000F1E
_SLRCONE                          (abs)        000F26
_SPI1_Close                       text49       00280A
_SPI1_ExchangeBlock               (abs)        000000
_SPI1_ExchangeByte                text48       002730
_SPI1_Initialize                  text5        0026F0
_SPI1_Open                        text46       001E9E
_SPI1_ReadBlock                   (abs)        000000
_SPI1_ReadByte                    (abs)        000000
_SPI1_WriteBlock                  text47       00245E
_SPI1_WriteByte                   (abs)        000000
_SSP1ADD                          (abs)        000F92
_SSP1BUF                          (abs)        000F91
_SSP1CLKPPS                       (abs)        000EB2
_SSP1CON1                         (abs)        000F95
_SSP1CON1bits                     (abs)        000F95
_SSP1CON2                         (abs)        000F96
_SSP1DATPPS                       (abs)        000EB3
_SSP1STAT                         (abs)        000F94
_SYSTEM_Initialize                text1        0026A4
_TRISA                            (abs)        000F87
_TRISB                            (abs)        000F88
_TRISC                            (abs)        000F89
_TRISCbits                        (abs)        000F89
_TRISD                            (abs)        000F8A
_TRISE                            (abs)        000F8B
_User_lcd_writeString             text37       00209A
_WPUA                             (abs)        000F0B
_WPUB                             (abs)        000F13
_WPUC                             (abs)        000F1B
_WPUD                             (abs)        000F20
_WPUE                             (abs)        000F28
__HRAM                            (abs)        000000
__Habs1                           abs1         000000
__Hbank0                          bank0        000000
__Hbank1                          bank1        000000
__Hbank10                         bank10       000000
__Hbank11                         bank11       000000
__Hbank12                         bank12       000000
__Hbank13                         bank13       000000
__Hbank14                         bank14       000000
__Hbank2                          bank2        000000
__Hbank3                          bank3        000000
__Hbank4                          bank4        000000
__Hbank5                          bank5        000000
__Hbank6                          bank6        000000
__Hbank7                          bank7        000000
__Hbank8                          bank8        000000
__Hbank9                          bank9        000000
__Hbigbss                         bigbss       000000
__Hbigdata                        bigdata      000000
__Hbigram                         bigram       000000
__Hbss                            bss          000000
__HbssBANK0                       bssBANK0     000000
__Hcinit                          cinit        000000
__Hclrtext                        clrtext      000000
__Hcomram                         comram       000000
__Hconfig                         config       30000C
__Hconst                          const        000000
__HcstackBANK0                    cstackBANK0  000000
__HcstackCOMRAM                   cstackCOMRAM 000000
__Hdata                           data         000000
__Heeprom_data                    eeprom_data  000000
__Hfarbss                         farbss       000000
__Hfardata                        fardata      000000
__Hibigdata                       ibigdata     000000
__Hidata                          idata        000000
__Hidloc                          idloc        200100
__Hifardata                       ifardata     000000
__Hinit                           init         000004
__Hintcode                        intcode      000000
__Hintcode_body                   intcode_body 000000
__Hintcodelo                      intcodelo    000000
__Hintentry                       intentry     000000
__Hintret                         intret       000000
__Hintsave_regs                   intsave_regs 000000
__Hirdata                         irdata       000000
__Hmediumconst                    mediumconst  000000
__HnvFARRAM                       nvFARRAM     000000
__Hnvbit                          nvbit        000000
__Hnvrram                         nvrram       000000
__Hparam                          rparam       000000
__Hpowerup                        powerup      000000
__Hram                            ram          000000
__Hramtop                         ramtop       000F00
__Hrbit                           rbit         000000
__Hrbss                           rbss         000000
__Hrdata                          rdata        000000
__Hreset_vec                      reset_vec    000000
__Hrparam                         rparam       000000
__Hsfr                            sfr          000000
__Hsmallconst                     smallconst   000F64
__Hspace_0                        (abs)        002810
__Hspace_1                        (abs)        0000B2
__Hspace_2                        (abs)        000000
__Hspace_4                        (abs)        60000C
__Hstack                          stack        000000
__Hstruct                         struct       000000
__Htemp                           temp         000000
__Htext                           text         000000
__Htext0                          text0        000000
__Htext1                          text1        000000
__Htext10                         text10       000000
__Htext11                         text11       000000
__Htext12                         text12       000000
__Htext13                         text13       000000
__Htext14                         text14       000000
__Htext15                         text15       000000
__Htext16                         text16       000000
__Htext17                         text17       000000
__Htext18                         text18       000000
__Htext19                         text19       000000
__Htext2                          text2        000000
__Htext20                         text20       000000
__Htext21                         text21       000000
__Htext22                         text22       000000
__Htext23                         text23       000000
__Htext24                         text24       000000
__Htext25                         text25       000000
__Htext26                         text26       000000
__Htext27                         text27       000000
__Htext28                         text28       000000
__Htext29                         text29       000000
__Htext3                          text3        000000
__Htext30                         text30       000000
__Htext31                         text31       000000
__Htext32                         text32       000000
__Htext33                         text33       000000
__Htext34                         text34       000000
__Htext35                         text35       000000
__Htext36                         text36       000000
__Htext37                         text37       000000
__Htext38                         text38       000000
__Htext39                         text39       000000
__Htext4                          text4        000000
__Htext40                         text40       000000
__Htext41                         text41       000000
__Htext42                         text42       000000
__Htext43                         text43       000000
__Htext44                         text44       000000
__Htext45                         text45       000000
__Htext46                         text46       000000
__Htext47                         text47       000000
__Htext48                         text48       000000
__Htext49                         text49       000000
__Htext5                          text5        000000
__Htext50                         text50       000000
__Htext51                         text51       000000
__Htext6                          text6        000000
__Htext7                          text7        000000
__Htext8                          text8        000000
__Htext9                          text9        000000
__LRAM                            (abs)        000001
__Labs1                           abs1         000000
__Lbank0                          bank0        000000
__Lbank1                          bank1        000000
__Lbank10                         bank10       000000
__Lbank11                         bank11       000000
__Lbank12                         bank12       000000
__Lbank13                         bank13       000000
__Lbank14                         bank14       000000
__Lbank2                          bank2        000000
__Lbank3                          bank3        000000
__Lbank4                          bank4        000000
__Lbank5                          bank5        000000
__Lbank6                          bank6        000000
__Lbank7                          bank7        000000
__Lbank8                          bank8        000000
__Lbank9                          bank9        000000
__Lbigbss                         bigbss       000000
__Lbigdata                        bigdata      000000
__Lbigram                         bigram       000000
__Lbss                            bss          000000
__LbssBANK0                       bssBANK0     000000
__Lcinit                          cinit        000000
__Lclrtext                        clrtext      000000
__Lcomram                         comram       000000
__Lconfig                         config       000000
__Lconst                          const        000000
__LcstackBANK0                    cstackBANK0  000000
__LcstackCOMRAM                   cstackCOMRAM 000000
__Ldata                           data         000000
__Leeprom_data                    eeprom_data  000000
__Lfarbss                         farbss       000000
__Lfardata                        fardata      000000
__Libigdata                       ibigdata     000000
__Lidata                          idata        000000
__Lidloc                          idloc        000000
__Lifardata                       ifardata     000000
__Linit                           init         000000
__Lintcode                        intcode      000000
__Lintcode_body                   intcode_body 000000
__Lintcodelo                      intcodelo    000000
__Lintentry                       intentry     000000
__Lintret                         intret       000000
__Lintsave_regs                   intsave_regs 000000
__Lirdata                         irdata       000000
__Lmediumconst                    mediumconst  000000
__LnvFARRAM                       nvFARRAM     000000
__Lnvbit                          nvbit        000000
__Lnvrram                         nvrram       000000
__Lparam                          rparam       000000
__Lpowerup                        powerup      000000
__Lram                            ram          000000
__Lramtop                         ramtop       000F00
__Lrbit                           rbit         000000
__Lrbss                           rbss         000000
__Lrdata                          rdata        000000
__Lreset_vec                      reset_vec    000000
__Lrparam                         rparam       000000
__Lsfr                            sfr          000000
__Lsmallconst                     smallconst   000F00
__Lspace_0                        (abs)        000000
__Lspace_1                        (abs)        000000
__Lspace_2                        (abs)        000000
__Lspace_4                        (abs)        000000
__Lstack                          stack        000000
__Lstruct                         struct       000000
__Ltemp                           temp         000000
__Ltext                           text         000000
__Ltext0                          text0        000000
__Ltext1                          text1        000000
__Ltext10                         text10       000000
__Ltext11                         text11       000000
__Ltext12                         text12       000000
__Ltext13                         text13       000000
__Ltext14                         text14       000000
__Ltext15                         text15       000000
__Ltext16                         text16       000000
__Ltext17                         text17       000000
__Ltext18                         text18       000000
__Ltext19                         text19       000000
__Ltext2                          text2        000000
__Ltext20                         text20       000000
__Ltext21                         text21       000000
__Ltext22                         text22       000000
__Ltext23                         text23       000000
__Ltext24                         text24       000000
__Ltext25                         text25       000000
__Ltext26                         text26       000000
__Ltext27                         text27       000000
__Ltext28                         text28       000000
__Ltext29                         text29       000000
__Ltext3                          text3        000000
__Ltext30                         text30       000000
__Ltext31                         text31       000000
__Ltext32                         text32       000000
__Ltext33                         text33       000000
__Ltext34                         text34       000000
__Ltext35                         text35       000000
__Ltext36                         text36       000000
__Ltext37                         text37       000000
__Ltext38                         text38       000000
__Ltext39                         text39       000000
__Ltext4                          text4        000000
__Ltext40                         text40       000000
__Ltext41                         text41       000000
__Ltext42                         text42       000000
__Ltext43                         text43       000000
__Ltext44                         text44       000000
__Ltext45                         text45       000000
__Ltext46                         text46       000000
__Ltext47                         text47       000000
__Ltext48                         text48       000000
__Ltext49                         text49       000000
__Ltext5                          text5        000000
__Ltext50                         text50       000000
__Ltext51                         text51       000000
__Ltext6                          text6        000000
__Ltext7                          text7        000000
__Ltext8                          text8        000000
__Ltext9                          text9        000000
__S0                              (abs)        002810
__S1                              (abs)        0000B2
__S2                              (abs)        000000
__S4                              (abs)        000000
__S5                              (abs)        000000
___aodiv                          text23       0017F6
___aodiv@counter                  cstackCOMRAM 000011
___aodiv@dividend                 cstackCOMRAM 000001
___aodiv@divisor                  cstackCOMRAM 000009
___aodiv@quotient                 cstackCOMRAM 000013
___aodiv@sign                     cstackCOMRAM 000012
___aomod                          text22       00197E
___aomod@counter                  cstackCOMRAM 000011
___aomod@dividend                 cstackCOMRAM 000001
___aomod@divisor                  cstackCOMRAM 000009
___aomod@sign                     cstackCOMRAM 000012
___inthi_sp                       stack        000000
___intlo_sp                       stack        000000
___lwdiv                          text32       0021B4
___lwdiv@counter                  cstackCOMRAM 000007
___lwdiv@dividend                 cstackCOMRAM 000001
___lwdiv@divisor                  cstackCOMRAM 000003
___lwdiv@quotient                 cstackCOMRAM 000005
___lwmod                          text31       00228E
___lwmod@counter                  cstackCOMRAM 000005
___lwmod@dividend                 cstackCOMRAM 000001
___lwmod@divisor                  cstackCOMRAM 000003
___param_bank                     (abs)        000000
___rparam_used                    (abs)        000001
___sp                             stack        000000
___wmul                           text30       0026CA
___wmul@multiplicand              cstackCOMRAM 000003
___wmul@multiplier                cstackCOMRAM 000001
___wmul@product                   cstackCOMRAM 000005
__accesstop                       (abs)        000060
__activetblptr                    (abs)        000003
__end_of_ApplicationInit          text33       00253A
__end_of_CLC1_Initialize          text12       00267C
__end_of_CLC2_Initialize          text11       002650
__end_of_CLC5_Initialize          text10       002624
__end_of_CLC6_Initialize          text9        0025F8
__end_of_DELAY_milliseconds       text50       0026A4
__end_of_GDapplication            text13       001C36
__end_of_LCD_open                 text45       00280A
__end_of_OSCILLATOR_Initialize    text8        002764
__end_of_PIN_MANAGER_Initialize   text7        00209A
__end_of_PMD_Initialize           text6        002730
__end_of_SPI1_Close               text49       00280E
__end_of_SPI1_ExchangeByte        text48       00274C
__end_of_SPI1_Initialize          text5        002714
__end_of_SPI1_Open                text46       001F56
__end_of_SPI1_WriteBlock          text47       002498
__end_of_SYSTEM_Initialize        text1        0026CA
__end_of_User_lcd_writeString     text37       002130
__end_of___aodiv                  text23       00197E
__end_of___aomod                  text22       001AE2
__end_of___lwdiv                  text32       002228
__end_of___lwmod                  text31       0022F2
__end_of___wmul                   text30       0026F0
__end_of__initialization          cinit        0027CA
__end_of_abs                      text21       00245E
__end_of_atoi                     text27       0017F6
__end_of_ctoa                     text24       001D0E
__end_of_digipot_setWiper         text35       0025CC
__end_of_dtoa                     text17       001652
__end_of_expander_sendByte        text43       00256C
__end_of_expander_setOutput       text42       0027EC
__end_of_expander_setup           text4        0027F8
__end_of_fputc                    text25       001DD8
__end_of_fputs                    text20       00241E
__end_of_isdigit                  text29       0024D0
__end_of_isspace                  text28       002396
__end_of_lcd_clearDisplay         text36       00277C
__end_of_lcd_returnHome           text40       002794
__end_of_lcd_sendByte             text41       0021B4
__end_of_lcd_sendNibble           text3        0023DA
__end_of_lcd_setAddr              text39       0027AA
__end_of_lcd_setContrast          text34       002802
__end_of_lcd_setup                text2        001FFC
__end_of_lcd_writeChar            text38       0027DE
__end_of_main                     text0        0027BE
__end_of_pad                      text18       001E9E
__end_of_putch                    text26       002810
__end_of_spi1_configuration       smallconst   000F27
__end_of_spiMaster                smallconst   000F1F
__end_of_spi_master_open          text44       00259E
__end_of_sprintf                  text14       002344
__end_of_strlen                   text19       002506
__end_of_vfpfcnvrt                text16       001370
__end_of_vfprintf                 text15       00228E
__initialization                  cinit        0027BE
__mediumconst                     mediumconst  000000
__pbssBANK0                       bssBANK0     000060
__pcinit                          cinit        0027BE
__pcstackBANK0                    cstackBANK0  000093
__pcstackCOMRAM                   cstackCOMRAM 000001
__psmallconst                     smallconst   000F00
__ptext0                          text0        0027AA
__ptext1                          text1        0026A4
__ptext10                         text10       0025F8
__ptext11                         text11       002624
__ptext12                         text12       002650
__ptext13                         text13       001AE2
__ptext14                         text14       0022F2
__ptext15                         text15       002228
__ptext16                         text16       000F64
__ptext17                         text17       001370
__ptext18                         text18       001DD8
__ptext19                         text19       0024D0
__ptext2                          text2        001F56
__ptext20                         text20       0023DA
__ptext21                         text21       00241E
__ptext22                         text22       00197E
__ptext23                         text23       0017F6
__ptext24                         text24       001C36
__ptext25                         text25       001D0E
__ptext26                         text26       00280E
__ptext27                         text27       001652
__ptext28                         text28       002344
__ptext29                         text29       002498
__ptext3                          text3        002396
__ptext30                         text30       0026CA
__ptext31                         text31       00228E
__ptext32                         text32       0021B4
__ptext33                         text33       002506
__ptext34                         text34       0027F8
__ptext35                         text35       00259E
__ptext36                         text36       002764
__ptext37                         text37       00209A
__ptext38                         text38       0027D0
__ptext39                         text39       002794
__ptext4                          text4        0027EC
__ptext40                         text40       00277C
__ptext41                         text41       002130
__ptext42                         text42       0027DE
__ptext43                         text43       00253A
__ptext44                         text44       00256C
__ptext45                         text45       002802
__ptext46                         text46       001E9E
__ptext47                         text47       00245E
__ptext48                         text48       002730
__ptext49                         text49       00280A
__ptext5                          text5        0026F0
__ptext50                         text50       00267C
__ptext51                         text51       000000
__ptext6                          text6        002714
__ptext7                          text7        001FFC
__ptext8                          text8        00274C
__ptext9                          text9        0025CC
__ramtop                          ramtop       000F00
__size_of_ApplicationInit         (abs)        000000
__size_of_CLC1_Initialize         (abs)        000000
__size_of_CLC2_Initialize         (abs)        000000
__size_of_CLC5_Initialize         (abs)        000000
__size_of_CLC6_Initialize         (abs)        000000
__size_of_DELAY_milliseconds      (abs)        000000
__size_of_GDapplication           (abs)        000000
__size_of_LCD_open                (abs)        000000
__size_of_OSCILLATOR_Initialize   (abs)        000000
__size_of_PIN_MANAGER_Initialize  (abs)        000000
__size_of_PMD_Initialize          (abs)        000000
__size_of_SPI1_Close              (abs)        000000
__size_of_SPI1_ExchangeByte       (abs)        000000
__size_of_SPI1_Initialize         (abs)        000000
__size_of_SPI1_Open               (abs)        000000
__size_of_SPI1_WriteBlock         (abs)        000000
__size_of_SYSTEM_Initialize       (abs)        000000
__size_of_User_lcd_writeString    (abs)        000000
__size_of___aodiv                 (abs)        000000
__size_of___aomod                 (abs)        000000
__size_of___lwdiv                 (abs)        000000
__size_of___lwmod                 (abs)        000000
__size_of___wmul                  (abs)        000000
__size_of_abs                     (abs)        000000
__size_of_atoi                    (abs)        000000
__size_of_ctoa                    (abs)        000000
__size_of_digipot_setWiper        (abs)        000000
__size_of_dtoa                    (abs)        000000
__size_of_expander_sendByte       (abs)        000000
__size_of_expander_setOutput      (abs)        000000
__size_of_expander_setup          (abs)        000000
__size_of_fputc                   (abs)        000000
__size_of_fputs                   (abs)        000000
__size_of_isdigit                 (abs)        000000
__size_of_isspace                 (abs)        000000
__size_of_lcd_clearDisplay        (abs)        000000
__size_of_lcd_returnHome          (abs)        000000
__size_of_lcd_sendByte            (abs)        000000
__size_of_lcd_sendNibble          (abs)        000000
__size_of_lcd_setAddr             (abs)        000000
__size_of_lcd_setContrast         (abs)        000000
__size_of_lcd_setup               (abs)        000000
__size_of_lcd_writeChar           (abs)        000000
__size_of_main                    (abs)        000000
__size_of_pad                     (abs)        000000
__size_of_putch                   (abs)        000000
__size_of_spi_master_open         (abs)        000000
__size_of_sprintf                 (abs)        000000
__size_of_strlen                  (abs)        000000
__size_of_vfpfcnvrt               (abs)        000000
__size_of_vfprintf                (abs)        000000
__smallconst                      smallconst   000F00
_abs                              text21       00241E
_atoi                             text27       001652
_atoi$1421                        cstackCOMRAM 000010
_atoi$1422                        cstackCOMRAM 000014
_atoi$1423                        cstackCOMRAM 000012
_ctoa                             text24       001C36
_dbuf                             bssBANK0     000073
_digipot_setWiper                 text35       00259E
_dtoa                             text17       001370
_dtoa$1385                        cstackCOMRAM 00002E
_expander_sendByte                text43       00253A
_expander_setOutput               text42       0027DE
_expander_setup                   text4        0027EC
_flags                            bssBANK0     000071
_fputc                            text25       001D0E
_fputs                            text20       0023DA
_isdigit                          text29       002498
_isspace                          text28       002344
_isspace$1439                     cstackCOMRAM 000007
_lcd_clearDisplay                 text36       002764
_lcd_returnHome                   text40       00277C
_lcd_sendByte                     text41       002130
_lcd_sendNibble                   text3        002396
_lcd_setAddr                      text39       002794
_lcd_setContrast                  text34       0027F8
_lcd_setup                        text2        001F56
_lcd_writeChar                    text38       0027D0
_main                             text0        0027AA
_nout                             bssBANK0     00006B
_pad                              text18       001DD8
_prec                             bssBANK0     00006F
_putch                            text26       00280E
_spi1_configuration               smallconst   000F1F
_spi1_interruptHandler            bssBANK0     000068
_spiMaster                        smallconst   000F01
_spi_master_open                  text44       00256C
_sprintf                          text14       0022F2
_strlen                           text19       0024D0
_vfpfcnvrt                        text16       000F64
_vfpfcnvrt$1400                   cstackCOMRAM 000054
_vfprintf                         text15       002228
_width                            bssBANK0     00006D
abs@a                             cstackCOMRAM 000013
atoi@n                            cstackCOMRAM 000015
atoi@neg                          cstackCOMRAM 00000E
atoi@s                            cstackCOMRAM 000008
ctoa@c                            cstackCOMRAM 00000C
ctoa@fp                           cstackCOMRAM 00000A
ctoa@l                            cstackCOMRAM 00000E
ctoa@w                            cstackCOMRAM 000010
digipot_setWiper@cmd              cstackCOMRAM 000009
digipot_setWiper@val              cstackCOMRAM 000008
dtoa@d                            cstackCOMRAM 00001E
dtoa@fp                           cstackCOMRAM 00001C
dtoa@i                            cstackCOMRAM 00003E
dtoa@n                            cstackCOMRAM 000036
dtoa@p                            cstackCOMRAM 000030
dtoa@s                            cstackCOMRAM 000034
dtoa@w                            cstackCOMRAM 000032
end_of_initialization             cinit        0027CA
expander_sendByte@addr            cstackCOMRAM 000009
expander_sendByte@byte            cstackCOMRAM 000008
expander_sendByte@cmd             cstackCOMRAM 00000A
expander_setOutput@output         cstackCOMRAM 00000D
fputc@c                           cstackCOMRAM 000001
fputc@fp                          cstackCOMRAM 000003
fputs@c                           cstackCOMRAM 00000E
fputs@fp                          cstackCOMRAM 00000C
fputs@i                           cstackCOMRAM 00000F
fputs@s                           cstackCOMRAM 00000A
intlevel0                         text         000000
intlevel1                         text         000000
intlevel2                         text         000000
intlevel3                         text         000000
isdigit@c                         cstackCOMRAM 000001
isspace@c                         cstackCOMRAM 000001
lcd_sendByte@RSbit                cstackCOMRAM 00000E
lcd_sendByte@byte                 cstackCOMRAM 000012
lcd_sendByte@nibbleHigh           cstackCOMRAM 000010
lcd_sendByte@nibbleLow            cstackCOMRAM 000011
lcd_sendByte@packetHigh           cstackCOMRAM 000013
lcd_sendByte@packetLow            cstackCOMRAM 000014
lcd_sendNibble@RSbit              cstackCOMRAM 00000E
lcd_sendNibble@nibble             cstackCOMRAM 000010
lcd_sendNibble@packet             cstackCOMRAM 000011
lcd_setAddr@character             cstackCOMRAM 000015
lcd_setAddr@row                   cstackCOMRAM 000016
lcd_setContrast@contrast          cstackCOMRAM 00000B
lcd_writeChar@character           cstackCOMRAM 000015
pad@buf                           cstackCOMRAM 000013
pad@fp                            cstackCOMRAM 000011
pad@i                             cstackCOMRAM 000018
pad@p                             cstackCOMRAM 000015
pad@w                             cstackCOMRAM 00001A
spi_master_open@config            cstackCOMRAM 000005
sprintf@ap                        cstackBANK0  00009F
sprintf@f                         cstackBANK0  0000A1
sprintf@fmt                       cstackBANK0  000095
sprintf@s                         cstackBANK0  000093
stackhi                           (abs)        000E1E
stacklo                           (abs)        0000B2
start                             init         000000
start_initialization              cinit        0027BE
strlen@a                          cstackCOMRAM 000003
strlen@s                          cstackCOMRAM 000001
vfpfcnvrt@ap                      cstackCOMRAM 000044
vfpfcnvrt@c                       cstackCOMRAM 000056
vfpfcnvrt@done                    cstackCOMRAM 000052
vfpfcnvrt@fmt                     cstackCOMRAM 000042
vfpfcnvrt@fp                      cstackCOMRAM 000040
vfpfcnvrt@ll                      cstackCOMRAM 00004A
vfprintf@ap                       cstackCOMRAM 00005B
vfprintf@cfmt                     cstackCOMRAM 00005D
vfprintf@fmt                      cstackCOMRAM 000059
vfprintf@fp                       cstackCOMRAM 000057


FUNCTION INFORMATION:

 *************** function _main *****************
 Defined at:
		line 51 in file "main.c"
 Parameters:    Size  Location     Type
		None
 Auto vars:     Size  Location     Type
		None
 Return value:  Size  Location     Type
                  1    wreg      void 
 Registers used:
		wreg, fsr1l, fsr1h, fsr2l, fsr2h, status,2, status,0, tblptrl, tblptrh, tblptru, prodl, prodh, cstack
 Tracked objects:
		On entry : 
		On exit  : 
		Unchanged: 
 Data sizes:     COMRAM   BANK0   BANK1   BANK2   BANK3   BANK4   BANK5   BANK6   BANK7   BANK8   BANK9  BANK10  BANK11  BANK12  BANK13  BANK14
      Params:         0       0       0       0       0       0       0       0       0       0       0       0       0       0       0       0
      Locals:         0       0       0       0       0       0       0       0       0       0       0       0       0       0       0       0
      Temps:          0       0       0       0       0       0       0       0       0       0       0       0       0       0       0       0
      Totals:         0       0       0       0       0       0       0       0       0       0       0       0       0       0       0       0
Total ram usage:        0 bytes
 Hardware stack levels required when called:    9
 This function calls:
		_ApplicationInit
		_GDapplication
		_SYSTEM_Initialize
 This function is called by:
		Startup code after reset
 This function uses a non-reentrant model


 *************** function _SYSTEM_Initialize *****************
 Defined at:
		line 50 in file "mcc_generated_files/mcc.c"
 Parameters:    Size  Location     Type
		None
 Auto vars:     Size  Location     Type
		None
 Return value:  Size  Location     Type
                  1    wreg      void 
 Registers used:
		wreg, fsr2l, fsr2h, status,2, status,0, tblptrl, tblptrh, tblptru, prodl, prodh, cstack
 Tracked objects:
		On entry : 
		On exit  : 
		Unchanged: 
 Data sizes:     COMRAM   BANK0   BANK1   BANK2   BANK3   BANK4   BANK5   BANK6   BANK7   BANK8   BANK9  BANK10  BANK11  BANK12  BANK13  BANK14
      Params:         0       0       0       0       0       0       0       0       0       0       0       0       0       0       0       0
      Locals:         0       0       0       0       0       0       0       0       0       0       0       0       0       0       0       0
      Temps:          0       0       0       0       0       0       0       0       0       0       0       0       0       0       0       0
      Totals:         0       0       0       0       0       0       0       0       0       0       0       0       0       0       0       0
Total ram usage:        0 bytes
 Hardware stack levels used:    1
 Hardware stack levels required when called:    8
 This function calls:
		_CLC1_Initialize
		_CLC2_Initialize
		_CLC5_Initialize
		_CLC6_Initialize
		_OSCILLATOR_Initialize
		_PIN_MANAGER_Initialize
		_PMD_Initialize
		_SPI1_Initialize
		_lcd_setup
 This function is called by:
		_main
 This function uses a non-reentrant model


 *************** function _lcd_setup *****************
 Defined at:
		line 87 in file "mcc_generated_files/LCDMiniDrivers/lcd.c"
 Parameters:    Size  Location     Type
		None
 Auto vars:     Size  Location     Type
		None
 Return value:  Size  Location     Type
                  1    wreg      void 
 Registers used:
		wreg, fsr2l, fsr2h, status,2, status,0, tblptrl, tblptrh, tblptru, prodl, prodh, cstack
 Tracked objects:
		On entry : 
		On exit  : 
		Unchanged: 
 Data sizes:     COMRAM   BANK0   BANK1   BANK2   BANK3   BANK4   BANK5   BANK6   BANK7   BANK8   BANK9  BANK10  BANK11  BANK12  BANK13  BANK14
      Params:         0       0       0       0       0       0       0       0       0       0       0       0       0       0       0       0
      Locals:         0       0       0       0       0       0       0       0       0       0       0       0       0       0       0       0
      Temps:          0       0       0       0       0       0       0       0       0       0       0       0       0       0       0       0
      Totals:         0       0       0       0       0       0       0       0       0       0       0       0       0       0       0       0
Total ram usage:        0 bytes
 Hardware stack levels used:    1
 Hardware stack levels required when called:    7
 This function calls:
		_DELAY_milliseconds
		_expander_setOutput
		_expander_setup
		_lcd_clearDisplay
		_lcd_returnHome
		_lcd_sendByte
		_lcd_sendNibble
 This function is called by:
		_SYSTEM_Initialize
 This function uses a non-reentrant model


 *************** function _lcd_sendNibble *****************
 Defined at:
		line 29 in file "mcc_generated_files/LCDMiniDrivers/lcd.c"
 Parameters:    Size  Location     Type
  nibble          1    wreg     unsigned char 
  RSbit           1   13[COMRAM] _Bool 
 Auto vars:     Size  Location     Type
  nibble          1   15[COMRAM] unsigned char 
  packet          1   16[COMRAM] unsigned char 
 Return value:  Size  Location     Type
                  1    wreg      void 
 Registers used:
		wreg, fsr2l, fsr2h, status,2, status,0, tblptrl, tblptrh, tblptru, prodl, prodh, cstack
 Tracked objects:
		On entry : 
		On exit  : 
		Unchanged: 
 Data sizes:     COMRAM   BANK0   BANK1   BANK2   BANK3   BANK4   BANK5   BANK6   BANK7   BANK8   BANK9  BANK10  BANK11  BANK12  BANK13  BANK14
      Params:         1       0       0       0       0       0       0       0       0       0       0       0       0       0       0       0
      Locals:         2       0       0       0       0       0       0       0       0       0       0       0       0       0       0       0
      Temps:          1       0       0       0       0       0       0       0       0       0       0       0       0       0       0       0
      Totals:         4       0       0       0       0       0       0       0       0       0       0       0       0       0       0       0
Total ram usage:        4 bytes
 Hardware stack levels used:    1
 Hardware stack levels required when called:    5
 This function calls:
		_DELAY_milliseconds
		_expander_setOutput
 This function is called by:
		_lcd_setup
 This function uses a non-reentrant model


 *************** function _expander_setup *****************
 Defined at:
		line 44 in file "mcc_generated_files/LCDMiniDrivers/expander.c"
 Parameters:    Size  Location     Type
		None
 Auto vars:     Size  Location     Type
		None
 Return value:  Size  Location     Type
                  1    wreg      void 
 Registers used:
		wreg, fsr2l, fsr2h, status,2, status,0, tblptrl, tblptrh, tblptru, prodl, prodh, cstack
 Tracked objects:
		On entry : 
		On exit  : 
		Unchanged: 
 Data sizes:     COMRAM   BANK0   BANK1   BANK2   BANK3   BANK4   BANK5   BANK6   BANK7   BANK8   BANK9  BANK10  BANK11  BANK12  BANK13  BANK14
      Params:         0       0       0       0       0       0       0       0       0       0       0       0       0       0       0       0
      Locals:         0       0       0       0       0       0       0       0       0       0       0       0       0       0       0       0
      Temps:          0       0       0       0       0       0       0       0       0       0       0       0       0       0       0       0
      Totals:         0       0       0       0       0       0       0       0       0       0       0       0       0       0       0       0
Total ram usage:        0 bytes
 Hardware stack levels used:    1
 Hardware stack levels required when called:    4
 This function calls:
		_expander_sendByte
 This function is called by:
		_lcd_setup
 This function uses a non-reentrant model


 *************** function _SPI1_Initialize *****************
 Defined at:
		line 70 in file "mcc_generated_files/spi1.c"
 Parameters:    Size  Location     Type
		None
 Auto vars:     Size  Location     Type
		None
 Return value:  Size  Location     Type
                  1    wreg      void 
 Registers used:
		wreg, status,2
 Tracked objects:
		On entry : 
		On exit  : 
		Unchanged: 
 Data sizes:     COMRAM   BANK0   BANK1   BANK2   BANK3   BANK4   BANK5   BANK6   BANK7   BANK8   BANK9  BANK10  BANK11  BANK12  BANK13  BANK14
      Params:         0       0       0       0       0       0       0       0       0       0       0       0       0       0       0       0
      Locals:         0       0       0       0       0       0       0       0       0       0       0       0       0       0       0       0
      Temps:          0       0       0       0       0       0       0       0       0       0       0       0       0       0       0       0
      Totals:         0       0       0       0       0       0       0       0       0       0       0       0       0       0       0       0
Total ram usage:        0 bytes
 Hardware stack levels used:    1
 This function calls:
		Nothing
 This function is called by:
		_SYSTEM_Initialize
 This function uses a non-reentrant model


 *************** function _PMD_Initialize *****************
 Defined at:
		line 77 in file "mcc_generated_files/mcc.c"
 Parameters:    Size  Location     Type
		None
 Auto vars:     Size  Location     Type
		None
 Return value:  Size  Location     Type
                  1    wreg      void 
 Registers used:
		wreg, status,2
 Tracked objects:
		On entry : 
		On exit  : 
		Unchanged: 
 Data sizes:     COMRAM   BANK0   BANK1   BANK2   BANK3   BANK4   BANK5   BANK6   BANK7   BANK8   BANK9  BANK10  BANK11  BANK12  BANK13  BANK14
      Params:         0       0       0       0       0       0       0       0       0       0       0       0       0       0       0       0
      Locals:         0       0       0       0       0       0       0       0       0       0       0       0       0       0       0       0
      Temps:          0       0       0       0       0       0       0       0       0       0       0       0       0       0       0       0
      Totals:         0       0       0       0       0       0       0       0       0       0       0       0       0       0       0       0
Total ram usage:        0 bytes
 Hardware stack levels used:    1
 This function calls:
		Nothing
 This function is called by:
		_SYSTEM_Initialize
 This function uses a non-reentrant model


 *************** function _PIN_MANAGER_Initialize *****************
 Defined at:
		line 55 in file "mcc_generated_files/pin_manager.c"
 Parameters:    Size  Location     Type
		None
 Auto vars:     Size  Location     Type
		None
 Return value:  Size  Location     Type
                  1    wreg      void 
 Registers used:
		wreg, status,2
 Tracked objects:
		On entry : 
		On exit  : 
		Unchanged: 
 Data sizes:     COMRAM   BANK0   BANK1   BANK2   BANK3   BANK4   BANK5   BANK6   BANK7   BANK8   BANK9  BANK10  BANK11  BANK12  BANK13  BANK14
      Params:         0       0       0       0       0       0       0       0       0       0       0       0       0       0       0       0
      Locals:         0       0       0       0       0       0       0       0       0       0       0       0       0       0       0       0
      Temps:          0       0       0       0       0       0       0       0       0       0       0       0       0       0       0       0
      Totals:         0       0       0       0       0       0       0       0       0       0       0       0       0       0       0       0
Total ram usage:        0 bytes
 Hardware stack levels used:    1
 This function calls:
		Nothing
 This function is called by:
		_SYSTEM_Initialize
 This function uses a non-reentrant model


 *************** function _OSCILLATOR_Initialize *****************
 Defined at:
		line 63 in file "mcc_generated_files/mcc.c"
 Parameters:    Size  Location     Type
		None
 Auto vars:     Size  Location     Type
		None
 Return value:  Size  Location     Type
                  1    wreg      void 
 Registers used:
		wreg, status,2
 Tracked objects:
		On entry : 
		On exit  : 
		Unchanged: 
 Data sizes:     COMRAM   BANK0   BANK1   BANK2   BANK3   BANK4   BANK5   BANK6   BANK7   BANK8   BANK9  BANK10  BANK11  BANK12  BANK13  BANK14
      Params:         0       0       0       0       0       0       0       0       0       0       0       0       0       0       0       0
      Locals:         0       0       0       0       0       0       0       0       0       0       0       0       0       0       0       0
      Temps:          0       0       0       0       0       0       0       0       0       0       0       0       0       0       0       0
      Totals:         0       0       0       0       0       0       0       0       0       0       0       0       0       0       0       0
Total ram usage:        0 bytes
 Hardware stack levels used:    1
 This function calls:
		Nothing
 This function is called by:
		_SYSTEM_Initialize
 This function uses a non-reentrant model


 *************** function _CLC6_Initialize *****************
 Defined at:
		line 58 in file "mcc_generated_files/clc6.c"
 Parameters:    Size  Location     Type
		None
 Auto vars:     Size  Location     Type
		None
 Return value:  Size  Location     Type
                  1    wreg      void 
 Registers used:
		wreg, status,2
 Tracked objects:
		On entry : 
		On exit  : 
		Unchanged: 
 Data sizes:     COMRAM   BANK0   BANK1   BANK2   BANK3   BANK4   BANK5   BANK6   BANK7   BANK8   BANK9  BANK10  BANK11  BANK12  BANK13  BANK14
      Params:         0       0       0       0       0       0       0       0       0       0       0       0       0       0       0       0
      Locals:         0       0       0       0       0       0       0       0       0       0       0       0       0       0       0       0
      Temps:          0       0       0       0       0       0       0       0       0       0       0       0       0       0       0       0
      Totals:         0       0       0       0       0       0       0       0       0       0       0       0       0       0       0       0
Total ram usage:        0 bytes
 Hardware stack levels used:    1
 This function calls:
		Nothing
 This function is called by:
		_SYSTEM_Initialize
 This function uses a non-reentrant model


 *************** function _CLC5_Initialize *****************
 Defined at:
		line 58 in file "mcc_generated_files/clc5.c"
 Parameters:    Size  Location     Type
		None
 Auto vars:     Size  Location     Type
		None
 Return value:  Size  Location     Type
                  1    wreg      void 
 Registers used:
		wreg, status,2
 Tracked objects:
		On entry : 
		On exit  : 
		Unchanged: 
 Data sizes:     COMRAM   BANK0   BANK1   BANK2   BANK3   BANK4   BANK5   BANK6   BANK7   BANK8   BANK9  BANK10  BANK11  BANK12  BANK13  BANK14
      Params:         0       0       0       0       0       0       0       0       0       0       0       0       0       0       0       0
      Locals:         0       0       0       0       0       0       0       0       0       0       0       0       0       0       0       0
      Temps:          0       0       0       0       0       0       0       0       0       0       0       0       0       0       0       0
      Totals:         0       0       0       0       0       0       0       0       0       0       0       0       0       0       0       0
Total ram usage:        0 bytes
 Hardware stack levels used:    1
 This function calls:
		Nothing
 This function is called by:
		_SYSTEM_Initialize
 This function uses a non-reentrant model


 *************** function _CLC2_Initialize *****************
 Defined at:
		line 58 in file "mcc_generated_files/clc2.c"
 Parameters:    Size  Location     Type
		None
 Auto vars:     Size  Location     Type
		None
 Return value:  Size  Location     Type
                  1    wreg      void 
 Registers used:
		wreg, status,2
 Tracked objects:
		On entry : 
		On exit  : 
		Unchanged: 
 Data sizes:     COMRAM   BANK0   BANK1   BANK2   BANK3   BANK4   BANK5   BANK6   BANK7   BANK8   BANK9  BANK10  BANK11  BANK12  BANK13  BANK14
      Params:         0       0       0       0       0       0       0       0       0       0       0       0       0       0       0       0
      Locals:         0       0       0       0       0       0       0       0       0       0       0       0       0       0       0       0
      Temps:          0       0       0       0       0       0       0       0       0       0       0       0       0       0       0       0
      Totals:         0       0       0       0       0       0       0       0       0       0       0       0       0       0       0       0
Total ram usage:        0 bytes
 Hardware stack levels used:    1
 This function calls:
		Nothing
 This function is called by:
		_SYSTEM_Initialize
 This function uses a non-reentrant model


 *************** function _CLC1_Initialize *****************
 Defined at:
		line 58 in file "mcc_generated_files/clc1.c"
 Parameters:    Size  Location     Type
		None
 Auto vars:     Size  Location     Type
		None
 Return value:  Size  Location     Type
                  1    wreg      void 
 Registers used:
		wreg, status,2
 Tracked objects:
		On entry : 
		On exit  : 
		Unchanged: 
 Data sizes:     COMRAM   BANK0   BANK1   BANK2   BANK3   BANK4   BANK5   BANK6   BANK7   BANK8   BANK9  BANK10  BANK11  BANK12  BANK13  BANK14
      Params:         0       0       0       0       0       0       0       0       0       0       0       0       0       0       0       0
      Locals:         0       0       0       0       0       0       0       0       0       0       0       0       0       0       0       0
      Temps:          0       0       0       0       0       0       0       0       0       0       0       0       0       0       0       0
      Totals:         0       0       0       0       0       0       0       0       0       0       0       0       0       0       0       0
Total ram usage:        0 bytes
 Hardware stack levels used:    1
 This function calls:
		Nothing
 This function is called by:
		_SYSTEM_Initialize
 This function uses a non-reentrant model


 *************** function _GDapplication *****************
 Defined at:
		line 15 in file "application.c"
 Parameters:    Size  Location     Type
		None
 Auto vars:     Size  Location     Type
  lcdDataBuffe    8   20[BANK0 ] unsigned char [8]
  degree          2   28[BANK0 ] unsigned short 
  clcData         1   30[BANK0 ] unsigned char 
 Return value:  Size  Location     Type
                  1    wreg      void 
 Registers used:
		wreg, fsr1l, fsr1h, fsr2l, fsr2h, status,2, status,0, tblptrl, tblptrh, tblptru, prodl, prodh, cstack
 Tracked objects:
		On entry : 
		On exit  : 
		Unchanged: 
 Data sizes:     COMRAM   BANK0   BANK1   BANK2   BANK3   BANK4   BANK5   BANK6   BANK7   BANK8   BANK9  BANK10  BANK11  BANK12  BANK13  BANK14
      Params:         0       0       0       0       0       0       0       0       0       0       0       0       0       0       0       0
      Locals:         0      11       0       0       0       0       0       0       0       0       0       0       0       0       0       0
      Temps:          1       0       0       0       0       0       0       0       0       0       0       0       0       0       0       0
      Totals:         1      11       0       0       0       0       0       0       0       0       0       0       0       0       0       0
Total ram usage:       12 bytes
 Hardware stack levels used:    1
 Hardware stack levels required when called:    8
 This function calls:
		_User_lcd_writeString
		___lwdiv
		___lwmod
		___wmul
		_sprintf
 This function is called by:
		_main
 This function uses a non-reentrant model


 *************** function _sprintf *****************
 Defined at:
		line 9 in file "C:\Program Files\Microchip\xc8\v2.30\pic\sources\c99\common\nf_sprintf.c"
 Parameters:    Size  Location     Type
  s               2    0[BANK0 ] PTR unsigned char 
		 -> GDapplication@lcdDataBuffer(8), 
  fmt             2    2[BANK0 ] PTR const unsigned char 
		 -> STR_5(9), STR_4(11), STR_3(5), 
 Auto vars:     Size  Location     Type
  f               6   14[BANK0 ] struct _IO_FILE
  ap              2   12[BANK0 ] PTR void [1]
		 -> ?_sprintf(2), 
  ret             2    0        int 
 Return value:  Size  Location     Type
                  2    0[BANK0 ] int 
 Registers used:
		wreg, fsr1l, fsr1h, fsr2l, fsr2h, status,2, status,0, tblptrl, tblptrh, tblptru, prodl, prodh, cstack
 Tracked objects:
		On entry : 
		On exit  : 
		Unchanged: 
 Data sizes:     COMRAM   BANK0   BANK1   BANK2   BANK3   BANK4   BANK5   BANK6   BANK7   BANK8   BANK9  BANK10  BANK11  BANK12  BANK13  BANK14
      Params:         0      10       0       0       0       0       0       0       0       0       0       0       0       0       0       0
      Locals:         0      10       0       0       0       0       0       0       0       0       0       0       0       0       0       0
      Temps:          0       0       0       0       0       0       0       0       0       0       0       0       0       0       0       0
      Totals:         0      20       0       0       0       0       0       0       0       0       0       0       0       0       0       0
Total ram usage:       20 bytes
 Hardware stack levels used:    1
 Hardware stack levels required when called:    7
 This function calls:
		_vfprintf
 This function is called by:
		_GDapplication
 This function uses a non-reentrant model


 *************** function _vfprintf *****************
 Defined at:
		line 1390 in file "C:\Program Files\Microchip\xc8\v2.30\pic\sources\c99\common\doprnt.c"
 Parameters:    Size  Location     Type
  fp              2   86[COMRAM] PTR struct _IO_FILE
		 -> sprintf@f(6), 
  fmt             2   88[COMRAM] PTR const unsigned char 
		 -> STR_5(9), STR_4(11), STR_3(5), 
  ap              2   90[COMRAM] PTR PTR void 
		 -> sprintf@ap(2), 
 Auto vars:     Size  Location     Type
  cfmt            2   92[COMRAM] PTR unsigned char 
		 -> STR_5(9), STR_4(11), STR_3(5), 
 Return value:  Size  Location     Type
                  2   86[COMRAM] int 
 Registers used:
		wreg, fsr1l, fsr1h, fsr2l, fsr2h, status,2, status,0, tblptrl, tblptrh, tblptru, prodl, prodh, cstack
 Tracked objects:
		On entry : 
		On exit  : 
		Unchanged: 
 Data sizes:     COMRAM   BANK0   BANK1   BANK2   BANK3   BANK4   BANK5   BANK6   BANK7   BANK8   BANK9  BANK10  BANK11  BANK12  BANK13  BANK14
      Params:         6       0       0       0       0       0       0       0       0       0       0       0       0       0       0       0
      Locals:         2       0       0       0       0       0       0       0       0       0       0       0       0       0       0       0
      Temps:          0       0       0       0       0       0       0       0       0       0       0       0       0       0       0       0
      Totals:         8       0       0       0       0       0       0       0       0       0       0       0       0       0       0       0
Total ram usage:        8 bytes
 Hardware stack levels used:    1
 Hardware stack levels required when called:    6
 This function calls:
		_vfpfcnvrt
 This function is called by:
		_sprintf
 This function uses a non-reentrant model


 *************** function _vfpfcnvrt *****************
 Defined at:
		line 692 in file "C:\Program Files\Microchip\xc8\v2.30\pic\sources\c99\common\doprnt.c"
 Parameters:    Size  Location     Type
  fp              2   63[COMRAM] PTR struct _IO_FILE
		 -> sprintf@f(6), 
  fmt             2   65[COMRAM] PTR PTR unsigned char 
		 -> vfprintf@cfmt(2), 
  ap              2   67[COMRAM] PTR PTR void 
		 -> sprintf@ap(2), 
 Auto vars:     Size  Location     Type
  ll              8   73[COMRAM] long long 
  llu             8    0        unsigned long long 
  f               4    0        unsigned long long 
  vp              3    0        PTR void 
  ct              3    0        unsigned char [3]
  cp              3    0        PTR unsigned char 
  done            2   81[COMRAM] int 
  i               2    0        int 
  c               1   85[COMRAM] unsigned char 
 Return value:  Size  Location     Type
                  2   63[COMRAM] int 
 Registers used:
		wreg, fsr1l, fsr1h, fsr2l, fsr2h, status,2, status,0, tblptrl, tblptrh, tblptru, prodl, prodh, cstack
 Tracked objects:
		On entry : 
		On exit  : 
		Unchanged: 
 Data sizes:     COMRAM   BANK0   BANK1   BANK2   BANK3   BANK4   BANK5   BANK6   BANK7   BANK8   BANK9  BANK10  BANK11  BANK12  BANK13  BANK14
      Params:         6       0       0       0       0       0       0       0       0       0       0       0       0       0       0       0
      Locals:        13       0       0       0       0       0       0       0       0       0       0       0       0       0       0       0
      Temps:          4       0       0       0       0       0       0       0       0       0       0       0       0       0       0       0
      Totals:        23       0       0       0       0       0       0       0       0       0       0       0       0       0       0       0
Total ram usage:       23 bytes
 Hardware stack levels used:    1
 Hardware stack levels required when called:    5
 This function calls:
		_atoi
		_ctoa
		_dtoa
		_fputc
		_isdigit
 This function is called by:
		_vfprintf
 This function uses a non-reentrant model


 *************** function _dtoa *****************
[...]
 Hardware stack levels used:    1
 Hardware stack levels required when called:    5
 This function calls:
		_DELAY_milliseconds
		_expander_setOutput
 This function is called by:
		_lcd_returnHome
		_lcd_clearDisplay
		_lcd_setAddr
		_lcd_writeChar
		_lcd_setup
 This function uses a non-reentrant model


 *************** function _expander_setOutput *****************
 Defined at:
		line 48 in file "mcc_generated_files/LCDMiniDrivers/expander.c"
 Parameters:    Size  Location     Type
  output          1    wreg     unsigned char 
 Auto vars:     Size  Location     Type
  output          1   12[COMRAM] unsigned char 
 Return value:  Size  Location     Type
                  1    wreg      void 
 Registers used:
		wreg, fsr2l, fsr2h, status,2, status,0, tblptrl, tblptrh, tblptru, prodl, prodh, cstack
 Tracked objects:
		On entry : 
		On exit  : 
		Unchanged: 
 Data sizes:     COMRAM   BANK0   BANK1   BANK2   BANK3   BANK4   BANK5   BANK6   BANK7   BANK8   BANK9  BANK10  BANK11  BANK12  BANK13  BANK14
      Params:         0       0       0       0       0       0       0       0       0       0       0       0       0       0       0       0
      Locals:         1       0       0       0       0       0       0       0       0       0       0       0       0       0       0       0
      Temps:          0       0       0       0       0       0       0       0       0       0       0       0       0       0       0       0
      Totals:         1       0       0       0       0       0       0       0       0       0       0       0       0       0       0       0
Total ram usage:        1 bytes
 Hardware stack levels used:    1
 Hardware stack levels required when called:    4
 This function calls:
		_expander_sendByte
 This function is called by:
		_lcd_sendNibble
		_lcd_sendByte
		_lcd_setup
 This function uses a non-reentrant model


 *************** function _expander_sendByte *****************
 Defined at:
		line 32 in file "mcc_generated_files/LCDMiniDrivers/expander.c"
 Parameters:    Size  Location     Type
  addr            1    wreg     unsigned char 
  byte            1    7[COMRAM] unsigned char 
 Auto vars:     Size  Location     Type
  addr            1    8[COMRAM] unsigned char 
  cmd             3    9[COMRAM] unsigned char [3]
 Return value:  Size  Location     Type
                  1    wreg      void 
 Registers used:
		wreg, fsr2l, fsr2h, status,2, status,0, tblptrl, tblptrh, tblptru, prodl, prodh, cstack
 Tracked objects:
		On entry : 
		On exit  : 
		Unchanged: 
 Data sizes:     COMRAM   BANK0   BANK1   BANK2   BANK3   BANK4   BANK5   BANK6   BANK7   BANK8   BANK9  BANK10  BANK11  BANK12  BANK13  BANK14
      Params:         1       0       0       0       0       0       0       0       0       0       0       0       0       0       0       0
      Locals:         4       0       0       0       0       0       0       0       0       0       0       0       0       0       0       0
      Temps:          0       0       0       0       0       0       0       0       0       0       0       0       0       0       0       0
      Totals:         5       0       0       0       0       0       0       0       0       0       0       0       0       0       0       0
Total ram usage:        5 bytes
 Hardware stack levels used:    1
 Hardware stack levels required when called:    3
 This function calls:
		_SPI1_Close
		_SPI1_WriteBlock
		_spi_master_open
 This function is called by:
		_expander_setup
		_expander_setOutput
 This function uses a non-reentrant model


 *************** function _spi_master_open *****************
 Defined at:
		line 53 in file "mcc_generated_files/drivers/spi_master.c"
 Parameters:    Size  Location     Type
  config          1    wreg     enum E377
 Auto vars:     Size  Location     Type
  config          1    4[COMRAM] enum E377
 Return value:  Size  Location     Type
                  1    wreg      _Bool 
 Registers used:
		wreg, status,2, status,0, tblptrl, tblptrh, tblptru, prodl, prodh, cstack
 Tracked objects:
		On entry : 
		On exit  : 
		Unchanged: 
 Data sizes:     COMRAM   BANK0   BANK1   BANK2   BANK3   BANK4   BANK5   BANK6   BANK7   BANK8   BANK9  BANK10  BANK11  BANK12  BANK13  BANK14
      Params:         0       0       0       0       0       0       0       0       0       0       0       0       0       0       0       0
      Locals:         1       0       0       0       0       0       0       0       0       0       0       0       0       0       0       0
      Temps:          2       0       0       0       0       0       0       0       0       0       0       0       0       0       0       0
      Totals:         3       0       0       0       0       0       0       0       0       0       0       0       0       0       0       0
Total ram usage:        3 bytes
 Hardware stack levels used:    1
 Hardware stack levels required when called:    2
 This function calls:
		_LCD_open
 This function is called by:
		_digipot_setWiper
		_expander_sendByte
 This function uses a non-reentrant model


 *************** function _LCD_open *****************
 Defined at:
		line 40 in file "mcc_generated_files/drivers/spi_master.c"
 Parameters:    Size  Location     Type
		None
 Auto vars:     Size  Location     Type
		None
 Return value:  Size  Location     Type
                  1    wreg      _Bool 
 Registers used:
		wreg, status,2, status,0, tblptrl, tblptrh, tblptru, prodl, prodh, cstack
 Tracked objects:
		On entry : 
		On exit  : 
		Unchanged: 
 Data sizes:     COMRAM   BANK0   BANK1   BANK2   BANK3   BANK4   BANK5   BANK6   BANK7   BANK8   BANK9  BANK10  BANK11  BANK12  BANK13  BANK14
      Params:         0       0       0       0       0       0       0       0       0       0       0       0       0       0       0       0
      Locals:         0       0       0       0       0       0       0       0       0       0       0       0       0       0       0       0
      Temps:          0       0       0       0       0       0       0       0       0       0       0       0       0       0       0       0
      Totals:         0       0       0       0       0       0       0       0       0       0       0       0       0       0       0       0
Total ram usage:        0 bytes
 Hardware stack levels used:    1
 Hardware stack levels required when called:    1
 This function calls:
		_SPI1_Open
 This function is called by:
		_spi_master_open
 This function uses a non-reentrant model


 *************** function _SPI1_Open *****************
 Defined at:
		line 85 in file "mcc_generated_files/spi1.c"
 Parameters:    Size  Location     Type
  spi1UniqueCo    1    wreg     enum E355
 Auto vars:     Size  Location     Type
  spi1UniqueCo    1    1[COMRAM] enum E355
 Return value:  Size  Location     Type
                  1    wreg      _Bool 
 Registers used:
		wreg, status,2, status,0, tblptrl, tblptrh, tblptru, prodl, prodh
 Tracked objects:
		On entry : 
		On exit  : 
		Unchanged: 
 Data sizes:     COMRAM   BANK0   BANK1   BANK2   BANK3   BANK4   BANK5   BANK6   BANK7   BANK8   BANK9  BANK10  BANK11  BANK12  BANK13  BANK14
      Params:         0       0       0       0       0       0       0       0       0       0       0       0       0       0       0       0
      Locals:         1       0       0       0       0       0       0       0       0       0       0       0       0       0       0       0
      Temps:          1       0       0       0       0       0       0       0       0       0       0       0       0       0       0       0
      Totals:         2       0       0       0       0       0       0       0       0       0       0       0       0       0       0       0
Total ram usage:        2 bytes
 Hardware stack levels used:    1
 This function calls:
		Nothing
 This function is called by:
		_LCD_open
 This function uses a non-reentrant model


 *************** function _SPI1_WriteBlock *****************
 Defined at:
		line 126 in file "mcc_generated_files/spi1.c"
 Parameters:    Size  Location     Type
  block           2    1[COMRAM] PTR void 
		 -> expander_sendByte@cmd(3), digipot_setWiper@cmd(2), 
  blockSize       2    3[COMRAM] unsigned int 
 Auto vars:     Size  Location     Type
  data            2    5[COMRAM] PTR unsigned char 
		 -> expander_sendByte@cmd(3), digipot_setWiper@cmd(2), 
 Return value:  Size  Location     Type
                  1    wreg      void 
 Registers used:
		wreg, fsr2l, fsr2h, status,2, status,0, cstack
 Tracked objects:
		On entry : 
		On exit  : 
		Unchanged: 
 Data sizes:     COMRAM   BANK0   BANK1   BANK2   BANK3   BANK4   BANK5   BANK6   BANK7   BANK8   BANK9  BANK10  BANK11  BANK12  BANK13  BANK14
      Params:         4       0       0       0       0       0       0       0       0       0       0       0       0       0       0       0
      Locals:         2       0       0       0       0       0       0       0       0       0       0       0       0       0       0       0
      Temps:          0       0       0       0       0       0       0       0       0       0       0       0       0       0       0       0
      Totals:         6       0       0       0       0       0       0       0       0       0       0       0       0       0       0       0
Total ram usage:        6 bytes
 Hardware stack levels used:    1
 Hardware stack levels required when called:    1
 This function calls:
		_SPI1_ExchangeByte
 This function is called by:
		_digipot_setWiper
		_expander_sendByte
 This function uses a non-reentrant model


 *************** function _SPI1_ExchangeByte *****************
 Defined at:
		line 105 in file "mcc_generated_files/spi1.c"
 Parameters:    Size  Location     Type
  data            1    wreg     unsigned char 
 Auto vars:     Size  Location     Type
  data            1    0[COMRAM] unsigned char 
 Return value:  Size  Location     Type
                  1    wreg      unsigned char 
 Registers used:
		wreg, status,2
 Tracked objects:
		On entry : 
		On exit  : 
		Unchanged: 
 Data sizes:     COMRAM   BANK0   BANK1   BANK2   BANK3   BANK4   BANK5   BANK6   BANK7   BANK8   BANK9  BANK10  BANK11  BANK12  BANK13  BANK14
      Params:         0       0       0       0       0       0       0       0       0       0       0       0       0       0       0       0
      Locals:         1       0       0       0       0       0       0       0       0       0       0       0       0       0       0       0
      Temps:          0       0       0       0       0       0       0       0       0       0       0       0       0       0       0       0
      Totals:         1       0       0       0       0       0       0       0       0       0       0       0       0       0       0       0
Total ram usage:        1 bytes
 Hardware stack levels used:    1
 This function calls:
		Nothing
 This function is called by:
		_SPI1_WriteBlock
		_SPI1_ReadBlock
 This function uses a non-reentrant model


 *************** function _SPI1_Close *****************
 Defined at:
		line 100 in file "mcc_generated_files/spi1.c"
 Parameters:    Size  Location     Type
		None
 Auto vars:     Size  Location     Type
		None
 Return value:  Size  Location     Type
                  1    wreg      void 
 Registers used:
		None
 Tracked objects:
		On entry : 
		On exit  : 
		Unchanged: 
 Data sizes:     COMRAM   BANK0   BANK1   BANK2   BANK3   BANK4   BANK5   BANK6   BANK7   BANK8   BANK9  BANK10  BANK11  BANK12  BANK13  BANK14
      Params:         0       0       0       0       0       0       0       0       0       0       0       0       0       0       0       0
      Locals:         0       0       0       0       0       0       0       0       0       0       0       0       0       0       0       0
      Temps:          0       0       0       0       0       0       0       0       0       0       0       0       0       0       0       0
      Totals:         0       0       0       0       0       0       0       0       0       0       0       0       0       0       0       0
Total ram usage:        0 bytes
 Hardware stack levels used:    1
 This function calls:
		Nothing
 This function is called by:
		_digipot_setWiper
		_expander_sendByte
 This function uses a non-reentrant model


 *************** function _DELAY_milliseconds *****************
 Defined at:
		line 35 in file "mcc_generated_files/delay.c"
 Parameters:    Size  Location     Type
  milliseconds    2    0[COMRAM] unsigned short 
 Auto vars:     Size  Location     Type
		None
 Return value:  Size  Location     Type
                  1    wreg      void 
 Registers used:
		wreg, status,2, status,0
 Tracked objects:
		On entry : 
		On exit  : 
		Unchanged: 
 Data sizes:     COMRAM   BANK0   BANK1   BANK2   BANK3   BANK4   BANK5   BANK6   BANK7   BANK8   BANK9  BANK10  BANK11  BANK12  BANK13  BANK14
      Params:         2       0       0       0       0       0       0       0       0       0       0       0       0       0       0       0
      Locals:         0       0       0       0       0       0       0       0       0       0       0       0       0       0       0       0
      Temps:          0       0       0       0       0       0       0       0       0       0       0       0       0       0       0       0
      Totals:         2       0       0       0       0       0       0       0       0       0       0       0       0       0       0       0
Total ram usage:        2 bytes
 Hardware stack levels used:    1
 This function calls:
		Nothing
 This function is called by:
		_lcd_sendNibble
		_lcd_sendByte
		_lcd_returnHome
		_lcd_clearDisplay
		_lcd_setup
 This function uses a non-reentrant model



MODULE INFORMATION

Module		Function		Class		Link	Load	Size
C:\Program Files\Microchip\xc8\v2.30\pic\sources\c99\common\aomod.c
		___aomod       		CODE           	197E	0000	356

C:\Program Files\Microchip\xc8\v2.30\pic\sources\c99\common\aomod.c estimated size: 356

mcc_generated_files/LCDMiniDrivers/lcd.c
		_lcd_sendByte  		CODE           	2130	0000	132
		_lcd_setup     		CODE           	1F56	0000	166
		_lcd_setAddr   		CODE           	2794	0000	22
		_lcd_returnHome		CODE           	277C	0000	24
		_lcd_sendNibble		CODE           	2396	0000	68
		_lcd_clearDisplay		CODE           	2764	0000	24
		_lcd_setContrast		CODE           	27F8	0000	10
		_lcd_writeChar 		CODE           	27D0	0000	14

mcc_generated_files/LCDMiniDrivers/lcd.c estimated size: 460

C:\Program Files\Microchip\xc8\v2.30\pic\sources\c99\common\lwmod.c
		___lwmod       		CODE           	228E	0000	100

C:\Program Files\Microchip\xc8\v2.30\pic\sources\c99\common\lwmod.c estimated size: 100

C:\Program Files\Microchip\xc8\v2.30\pic\sources\c99\common\abs.c
		_abs           		CODE           	241E	0000	64

C:\Program Files\Microchip\xc8\v2.30\pic\sources\c99\common\abs.c estimated size: 64

C:\Program Files\Microchip\xc8\v2.30\pic\sources\c99\common\doprnt.c
		_vfpfcnvrt     		CODE           	0F64	0000	1036
		_pad           		CODE           	1DD8	0000	198
		_ctoa          		CODE           	1C36	0000	216
		_dtoa          		CODE           	1370	0000	738
		_vfprintf      		CODE           	2228	0000	102

C:\Program Files\Microchip\xc8\v2.30\pic\sources\c99\common\doprnt.c estimated size: 2290

C:\Program Files\Microchip\xc8\v2.30\pic\sources\c99\common\atoi.c
		_atoi          		CODE           	1652	0000	420

C:\Program Files\Microchip\xc8\v2.30\pic\sources\c99\common\atoi.c estimated size: 420

C:\Program Files\Microchip\xc8\v2.30\pic\sources\c99\common\putch.c
		_putch         		CODE           	280E	0000	2

C:\Program Files\Microchip\xc8\v2.30\pic\sources\c99\common\putch.c estimated size: 2

C:\Program Files\Microchip\xc8\v2.30\pic\sources\c99\common\isdigit.c
		_isdigit       		CODE           	2498	0000	56

C:\Program Files\Microchip\xc8\v2.30\pic\sources\c99\common\isdigit.c estimated size: 56

C:\Program Files\Microchip\xc8\v2.30\pic\sources\c99\common\nf_fputs.c
		_fputs         		CODE           	23DA	0000	68

C:\Program Files\Microchip\xc8\v2.30\pic\sources\c99\common\nf_fputs.c estimated size: 68

mcc_generated_files/LCDMiniDrivers/expander.c
		_expander_setOutput		CODE           	27DE	0000	14
		_expander_sendByte		CODE           	253A	0000	50
		_expander_setup		CODE           	27EC	0000	12

mcc_generated_files/LCDMiniDrivers/expander.c estimated size: 76

C:\Program Files\Microchip\xc8\v2.30\pic\sources\c99\common\Umul16.c
		___wmul        		CODE           	26CA	0000	38

C:\Program Files\Microchip\xc8\v2.30\pic\sources\c99\common\Umul16.c estimated size: 38

mcc_generated_files/pin_manager.c
		_PIN_MANAGER_Initialize		CODE           	1FFC	0000	158

mcc_generated_files/pin_manager.c estimated size: 158

mcc_generated_files/clc6.c
		_CLC6_Initialize		CODE           	25CC	0000	44

mcc_generated_files/clc6.c estimated size: 44

C:\Program Files\Microchip\xc8\v2.30\pic\sources\c99\common\aodiv.c
		___aodiv       		CODE           	17F6	0000	392

C:\Program Files\Microchip\xc8\v2.30\pic\sources\c99\common\aodiv.c estimated size: 392

mcc_generated_files/spi1.c
		_SPI1_WriteBlock		CODE           	245E	0000	58
		_SPI1_Open     		CODE           	1E9E	0000	184
		_SPI1_Initialize		CODE           	26F0	0000	36
		_SPI1_Close    		CODE           	280A	0000	4
		_SPI1_ExchangeByte		CODE           	2730	0000	28

mcc_generated_files/spi1.c estimated size: 310

mcc_generated_files/clc2.c
		_CLC2_Initialize		CODE           	2624	0000	44

mcc_generated_files/clc2.c estimated size: 44

C:\Program Files\Microchip\xc8\v2.30\pic\sources\c99\common\lwdiv.c
		___lwdiv       		CODE           	21B4	0000	116

C:\Program Files\Microchip\xc8\v2.30\pic\sources\c99\common\lwdiv.c estimated size: 116

mcc_generated_files/LCDMiniDrivers/digpot.c
		_digipot_setWiper		CODE           	259E	0000	46

mcc_generated_files/LCDMiniDrivers/digpot.c estimated size: 46

mcc_generated_files/drivers/spi_master.c
		_spi_master_open		CODE           	256C	0000	50
		_LCD_open      		CODE           	2802	0000	8

mcc_generated_files/drivers/spi_master.c estimated size: 58

shared
		__initialization		CODE           	27BE	0000	12
		_spiMaster     		SMALLCONST     	0F01	0000	30
		_spi1_configuration		SMALLCONST     	0F1F	0000	8

shared estimated size: 50

C:\Program Files\Microchip\xc8\v2.30\pic\sources\c99\common\nf_fputc.c
		_fputc         		CODE           	1D0E	0000	202

C:\Program Files\Microchip\xc8\v2.30\pic\sources\c99\common\nf_fputc.c estimated size: 202

mcc_generated_files/mcc.c
		_PMD_Initialize		CODE           	2714	0000	28
		_OSCILLATOR_Initialize		CODE           	274C	0000	24
		_SYSTEM_Initialize		CODE           	26A4	0000	38

mcc_generated_files/mcc.c estimated size: 90

C:\Program Files\Microchip\xc8\v2.30\pic\sources\c99\common\strlen.c
		_strlen        		CODE           	24D0	0000	54

C:\Program Files\Microchip\xc8\v2.30\pic\sources\c99\common\strlen.c estimated size: 54

C:\Program Files\Microchip\xc8\v2.30\pic\sources\c99\common\nf_sprintf.c
		_sprintf       		CODE           	22F2	0000	82

C:\Program Files\Microchip\xc8\v2.30\pic\sources\c99\common\nf_sprintf.c estimated size: 82

mcc_generated_files/delay.c
		_DELAY_milliseconds		CODE           	267C	0000	40

mcc_generated_files/delay.c estimated size: 40

mcc_generated_files/clc5.c
		_CLC5_Initialize		CODE           	25F8	0000	44

mcc_generated_files/clc5.c estimated size: 44

application.c
		_User_lcd_writeString		CODE           	209A	0000	150
		_ApplicationInit		CODE           	2506	0000	52
		_GDapplication 		CODE           	1AE2	0000	340

application.c estimated size: 542

C:\Program Files\Microchip\xc8\v2.30\pic\sources\c99\common\isspace.c
		_isspace       		CODE           	2344	0000	82

C:\Program Files\Microchip\xc8\v2.30\pic\sources\c99\common\isspace.c estimated size: 82

main.c
		_main          		CODE           	27AA	0000	20

main.c estimated size: 20

mcc_generated_files/clc1.c
		_CLC1_Initialize		CODE           	2650	0000	44

mcc_generated_files/clc1.c estimated size: 44

